I'm sorry, but errors were detected in your script. Please correct the
errors listed below, and try again.


File "game/script.rpy", line 38: end of line expected.
    show p sukarno: with dissolve
                    ^

Ren'Py Version: Ren'Py 8.1.3.23091805
Mon Nov  6 00:13:03 2023
